---
source: tests/integration_tests.rs
expression: "String::from_utf8_lossy(&output.stdout)"
---
+--------------+------------+
| Start date   | 1985-03-15 |
+--------------+------------+
| Event date   | 2010-07-22 |
+--------------+------------+
| Days between | 9260       |
+--------------+------------+
| Longer date  | 2035-11-29 |
+--------------+------------+
