---
source: tests/integration_tests.rs
expression: "String::from_utf8_lossy(&output.stderr)"
---
Error: Event date must be after start date
