---
source: tests/integration_tests.rs
expression: "String::from_utf8_lossy(&output.stdout)"
---
+--------------+------------+
| Start date   | 1990-01-01 |
+--------------+------------+
| Event date   | 2000-01-01 |
+--------------+------------+
| Days between | 3652       |
+--------------+------------+
| Longer date  | 2010-01-01 |
+--------------+------------+
